[INFO] Scanning for projects...
[INFO] 
[INFO] -----------------< pe.unas:examen-parcial1-const-sw2 >------------------
[INFO] Building  0.0.1-SNAPSHOT
[INFO]   from pom.xml
[INFO] --------------------------------[ jar ]---------------------------------
[INFO] 
[INFO] >>> spring-boot:3.5.14:run (default-cli) > test-compile @ examen-parcial1-const-sw2 >>>
[INFO] 
[INFO] --- resources:3.3.1:resources (default-resources) @ examen-parcial1-const-sw2 ---
[INFO] Copying 1 resource from src\main\resources to target\classes
[INFO] Copying 0 resource from src\main\resources to target\classes
[INFO] 
[INFO] --- compiler:3.14.1:compile (default-compile) @ examen-parcial1-const-sw2 ---
[INFO] Nothing to compile - all classes are up to date.
[INFO] 
[INFO] --- resources:3.3.1:testResources (default-testResources) @ examen-parcial1-const-sw2 ---
[INFO] skip non existing resourceDirectory C:\Users\51913\examen-parcial1-const-sw2-clone4\src\test\resources
[INFO] 
[INFO] --- compiler:3.14.1:testCompile (default-testCompile) @ examen-parcial1-const-sw2 ---
[INFO] Recompiling the module because of changed source code.
[INFO] Compiling 8 source files with javac [debug parameters release 17] to target\test-classes
[INFO] /C:/Users/51913/examen-parcial1-const-sw2-clone4/src/test/java/pe/unas/demoapi/PresentationIntegrationTest.java: C:\Users\51913\examen-parcial1-const-sw2-clone4\src\test\java\pe\unas\demoapi\PresentationIntegrationTest.java uses or overrides a deprecated API.
[INFO] /C:/Users/51913/examen-parcial1-const-sw2-clone4/src/test/java/pe/unas/demoapi/PresentationIntegrationTest.java: Recompile with -Xlint:deprecation for details.
[INFO] /C:/Users/51913/examen-parcial1-const-sw2-clone4/src/test/java/pe/unas/demoapi/PresentationIntegrationTest.java: C:\Users\51913\examen-parcial1-const-sw2-clone4\src\test\java\pe\unas\demoapi\PresentationIntegrationTest.java uses unchecked or unsafe operations.
[INFO] /C:/Users/51913/examen-parcial1-const-sw2-clone4/src/test/java/pe/unas/demoapi/PresentationIntegrationTest.java: Recompile with -Xlint:unchecked for details.
[INFO] 
[INFO] <<< spring-boot:3.5.14:run (default-cli) < test-compile @ examen-parcial1-const-sw2 <<<
[INFO] 
[INFO] 
[INFO] --- spring-boot:3.5.14:run (default-cli) @ examen-parcial1-const-sw2 ---
[INFO] Attaching agents: []

  .   ____          _            __ _ _
 /\\ / ___'_ __ _ _(_)_ __  __ _ \ \ \ \
( ( )\___ | '_ | '_| | '_ \/ _` | \ \ \ \
 \\/  ___)| |_)| | | | | || (_| |  ) ) ) )
  '  |____| .__|_| |_|_| |_\__, | / / / /
 =========|_|==============|___/=/_/_/_/

 :: Spring Boot ::               (v3.5.14)

2026-07-13T19:32:13.892-05:00  INFO 5700 --- [examen-parcial1-const-sw2] [           main] p.u.d.ExamenParcial1ConstSw2Application  : Starting ExamenParcial1ConstSw2Application using Java 17.0.12 with PID 5700 (C:\Users\51913\examen-parcial1-const-sw2-clone4\target\classes started by 51913 in C:\Users\51913\examen-parcial1-const-sw2-clone4)
2026-07-13T19:32:13.899-05:00  INFO 5700 --- [examen-parcial1-const-sw2] [           main] p.u.d.ExamenParcial1ConstSw2Application  : No active profile set, falling back to 1 default profile: "default"
2026-07-13T19:32:18.034-05:00  INFO 5700 --- [examen-parcial1-const-sw2] [           main] o.s.b.w.embedded.tomcat.TomcatWebServer  : Tomcat initialized with port 8080 (http)
2026-07-13T19:32:18.275-05:00  INFO 5700 --- [examen-parcial1-const-sw2] [           main] o.apache.catalina.core.StandardService   : Starting service [Tomcat]
2026-07-13T19:32:18.276-05:00  INFO 5700 --- [examen-parcial1-const-sw2] [           main] o.apache.catalina.core.StandardEngine    : Starting Servlet engine: [Apache Tomcat/10.1.54]
2026-07-13T19:32:18.992-05:00  INFO 5700 --- [examen-parcial1-const-sw2] [           main] o.a.c.c.C.[Tomcat].[localhost].[/]       : Initializing Spring embedded WebApplicationContext
2026-07-13T19:32:18.997-05:00  INFO 5700 --- [examen-parcial1-const-sw2] [           main] w.s.c.ServletWebServerApplicationContext : Root WebApplicationContext: initialization completed in 4697 ms
2026-07-13T19:32:20.955-05:00  INFO 5700 --- [examen-parcial1-const-sw2] [           main] o.s.b.w.embedded.tomcat.TomcatWebServer  : Tomcat started on port 8080 (http) with context path '/'
2026-07-13T19:32:20.972-05:00  INFO 5700 --- [examen-parcial1-const-sw2] [           main] p.u.d.ExamenParcial1ConstSw2Application  : Started ExamenParcial1ConstSw2Application in 9.568 seconds (process running for 10.227)
2026-07-13T19:33:20.212-05:00  INFO 5700 --- [examen-parcial1-const-sw2] [nio-8080-exec-1] o.a.c.c.C.[Tomcat].[localhost].[/]       : Initializing Spring DispatcherServlet 'dispatcherServlet'
2026-07-13T19:33:20.213-05:00  INFO 5700 --- [examen-parcial1-const-sw2] [nio-8080-exec-1] o.s.web.servlet.DispatcherServlet        : Initializing Servlet 'dispatcherServlet'
2026-07-13T19:33:20.215-05:00  INFO 5700 --- [examen-parcial1-const-sw2] [nio-8080-exec-1] o.s.web.servlet.DispatcherServlet        : Completed initialization in 2 ms
